// Bun Snapshot v1, https://goo.gl/fbAQLP

exports[`RenderWallet should call useWalletObserver 1`] = `"<pre>falsefalse<button data-testid="connect"></button></pre>"`;

exports[`RenderWallet should call useWalletObserver 2`] = `"<pre>falsefalse<button data-testid="connect"></button></pre>"`;
