// Bun Snapshot v1, https://goo.gl/fbAQLP

exports[`RenderWalletHandles should successfully update state with handle metadata 1`] = `"<pre>falsefalsefalse<button data-testid="connect-with-handles"></button></pre>"`;

exports[`RenderWalletHandles should successfully update state with handle metadata 2`] = `"<pre>eternltruefalse00c279a3fb3b4e62bbc78e288783b58045d4ae82a18867d8352d02775a121fd22e0b57ac206fefc763f8bfa0771919f5218b40691eea4514d00true00c279a3fb3b4e62bbc78e288783b58045d4ae82a18867d8352d02775a121fd22e0b57ac206fefc763f8bfa0771919f5218b40691eea4514d000c279a3fb3b4e62bbc78e288783b58045d4ae82a18867d8352d02775a121fd22e0b57ac206fefc763f8bfa0771919f5218b40691eea4514d0,00e855cd3dbc30bad8ac8fffbed87d36325b407a8e934b1507725fcd80121fd22e0b57ac206fefc763f8bfa0771919f5218b40691eea4514d0,00129ee829b3cea5762f0c1077db667390a9ee007825a0ed7b1150d35d121fd22e0b57ac206fefc763f8bfa0771919f5218b40691eea4514d0,00d98f028bd372ed61079c6ed5083e3a977d69ab5d0b17b25bc87343dd121fd22e0b57ac206fefc763f8bfa0771919f5218b40691eea4514d0,00c888866b693e1ae8cb237351ba4bdc7e16882a1dc4a53d4de0537e56121fd22e0b57ac206fefc763f8bfa0771919f5218b40691eea4514d0,0082d061e45a1ff5b30de61d3d1137e6ebdd44d6056be88a44d547b5a3121fd22e0b57ac206fefc763f8bfa0771919f5218b40691eea4514d0,009de2d448e439c970d94bf483f8bcc0eb47040d3f293e096a580d3aca121fd22e0b57ac206fefc763f8bfa0771919f5218b40691eea4514d0,00da3f1060013b6e9be44cd2890a6f20f524d2071d22410a5264de115b121fd22e0b57ac206fefc763f8bfa0771919f5218b40691eea4514d0,00d1c9c1d95ce5ee7e666cc83b2b56dd25d82f0c91b5c34175fd8448b6121fd22e0b57ac206fefc763f8bfa0771919f5218b40691eea4514d0,0002659dc406e1d51c2695bc23962b30487d3ceb995beb13b698509c6f121fd22e0b57ac206fefc763f8bfa0771919f5218b40691eea4514d0,00c46c44a29807de8fa23693b3da1c1976ebe8858f74199ca840b557ee121fd22e0b57ac206fefc763f8bfa0771919f5218b40691eea4514d0,005d48e3d5655bf8a05eda49ea6683ccaf5351d505c38ae7ad43cbd4ab121fd22e0b57ac206fefc763f8bfa0771919f5218b40691eea4514d0,0095f329c349c57bd4bcf021c8a96e68eca384627fee9ebea56ff8167d121fd22e0b57ac206fefc763f8bfa0771919f5218b40691eea4514d0,0081378bb3d576f8dce84a9bb6d6761530ef8088f335d231bd98eaedc3121fd22e0b57ac206fefc763f8bfa0771919f5218b40691eea4514d0,0070fc9c5a5d80650a87dce6dc4ea9a066f3185352e89f946165995593121fd22e0b57ac206fefc763f8bfa0771919f5218b40691eea4514d0,008063fa1c1fb41cafd24f484e2a7d0014202ffef9407af05bf4279889121fd22e0b57ac206fefc763f8bfa0771919f5218b40691eea4514d0,00134fd13220198b9e8d0523cec39465b2bf3400fdeca305bf88fe0bb2121fd22e0b57ac206fefc763f8bfa0771919f5218b40691eea4514d0,00fccd5b37e433d56779cf1beb43440415eaca903ca92c61de2bbf0c72121fd22e0b57ac206fefc763f8bfa0771919f5218b40691eea4514d0,003c0b43dcb3cee0988607c478f11c5c657cb31ebeafe495d8eca5b4ee121fd22e0b57ac206fefc763f8bfa0771919f5218b40691eea4514d0,002e0f369f4fabf5f314fd2dbd34e7d6a03d0336b8d974f2208c75bc34121fd22e0b57ac206fefc763f8bfa0771919f5218b40691eea4514d0,00d38956d5d8c3e996880298b8e1534679e285f93475cf6aa3256205c7121fd22e0b57ac206fefc763f8bfa0771919f5218b40691eea4514d0,00486dede781535d8ff49d9a0dadeb5c0d38ef150f6fc80180921ebe85121fd22e0b57ac206fefc763f8bfa0771919f5218b40691eea4514d0,002ea947a2d3c0c95ca5124f6b61b83a5f4e0b71223f863be838831168121fd22e0b57ac206fefc763f8bfa0771919f5218b40691eea4514d0,00b7a6f578ed78826a3c32cadf5ede889ee350e43c4d11f8f9b94cb03e121fd22e0b57ac206fefc763f8bfa0771919f5218b40691eea4514d0,00e1a7fdf8d8010e238948dec7150e84fd158acdeaa76c200d8a4b1f63121fd22e0b57ac206fefc763f8bfa0771919f5218b40691eea4514d0,00af0a05d243de50100af100863c88b4f6524fa4ee86a84127cf15b82b121fd22e0b57ac206fefc763f8bfa0771919f5218b40691eea4514d0,0022de41ad5b3628ecd8686bce555846bedde16ea7881bd63abf9198e2121fd22e0b57ac206fefc763f8bfa0771919f5218b40691eea4514d0,0075fcbf24479728322e5f128c84c15c27aeea10196f56d1ff44d40b94121fd22e0b57ac206fefc763f8bfa0771919f5218b40691eea4514d0,00be01633e07d001fff611b3d39ac3ca89127acecef79aabb812cea125121fd22e0b57ac206fefc763f8bfa0771919f5218b40691eea4514d0,005b819971068bae01c3d411f2b5b8a12331df4d9fbeb899c0a59afb9e121fd22e0b57ac206fefc763f8bfa0771919f5218b40691eea4514d0,0018edec9fc995f6ea029f87b6142efdd4a132cbe4f3c14cdad54e1362121fd22e0b57ac206fefc763f8bfa0771919f5218b40691eea4514d0,00ce805857db7601ac7af226290a0f0bee4608736fea251b8813359805121fd22e0b57ac206fefc763f8bfa0771919f5218b40691eea4514d0,008911a9404ee35265e5b39ca1e38a5d64a67384307bc47ea5b1c2f1f3121fd22e0b57ac206fefc763f8bfa0771919f5218b40691eea4514d0,00b80d7dfef9f0e989a62aabdbc9aec4703bc38dcc0363bcb902aad20f121fd22e0b57ac206fefc763f8bfa0771919f5218b40691eea4514d0,00a3aabe29cf0d4cf0acd9c0c4231e69ae145e426fd40d9bc089117416121fd22e0b57ac206fefc763f8bfa0771919f5218b40691eea4514d0,001f64ff5164c16467e229f4305e5cd05cea85f407d68ba5c8f33f6d5d121fd22e0b57ac206fefc763f8bfa0771919f5218b40691eea4514d0,00c1ce344ee9f695a9bfa4230254c0008aa62cf09f5f4444f6ece352d8121fd22e0b57ac206fefc763f8bfa0771919f5218b40691eea4514d0,00412be6abc6a8d58aa914bed006e77c0e8e6870a5405a0a00db9119b0121fd22e0b57ac206fefc763f8bfa0771919f5218b40691eea4514d0,00ebc9713be7aa719a00d2be641418b59747b8ba846e1687253d6667b5121fd22e0b57ac206fefc763f8bfa0771919f5218b40691eea4514d0,00b5c852e07c831c968ae7e0388bd0ed591097238ca3a3742367facf0f121fd22e0b57ac206fefc763f8bfa0771919f5218b40691eea4514d0,00e10a1ec68fe34887f87c4badc81f93c2d69999614683cf05c8e97069121fd22e0b57ac206fefc763f8bfa0771919f5218b40691eea4514d0,0066de96d2a1c75f99185f4d5a39e49adccf18515cc512c5a7392b98cc121fd22e0b57ac206fefc763f8bfa0771919f5218b40691eea4514d0,0032c425519672bec473a8971a79a2758356ad24ee99353c7020fd5cac121fd22e0b57ac206fefc763f8bfa0771919f5218b40691eea4514d0,0036e19cee7f33f141d34fbb899c27a68900ac6593f082edfbe6fc3fe5121fd22e0b57ac206fefc763f8bfa0771919f5218b40691eea4514d0,001280d6db873a83fa7908f1416acbbc189624b392be7935ba787f3cb9121fd22e0b57ac206fefc763f8bfa0771919f5218b40691eea4514d0,00ce1657bbdc8cceabecad61bb8bff3f9865d7c46170c6555c9e406aa0121fd22e0b57ac206fefc763f8bfa0771919f5218b40691eea4514d0,00de2d51517b76fcb141908bfa07a93f1bf93b92124838d2ed24022819121fd22e0b57ac206fefc763f8bfa0771919f5218b40691eea4514d0,00e35880324d3302478a8c48cc9c71b81710b50f8fb444a5a56462e4b5121fd22e0b57ac206fefc763f8bfa0771919f5218b40691eea4514d0,00eb4b163aa81b319275f796b7b19b50c945604f47f807a5a5b5acd19a121fd22e0b57ac206fefc763f8bfa0771919f5218b40691eea4514d0,0016f85346dc9b1efccaa9a69e357b49d7a25c03936ea5d05ede3cfca0121fd22e0b57ac206fefc763f8bfa0771919f5218b40691eea4514d0,004746a8792a9eb11769d7593eeb4d0bf1be04d68c00ef50d2752c4d02121fd22e0b57ac206fefc763f8bfa0771919f5218b40691eea4514d0,00f0ccab792b8e74acca2e08533b805afc59a38671c3c68d337f16c185121fd22e0b57ac206fefc763f8bfa0771919f5218b40691eea4514d0,0061831490182c6c68168cddf4c995dca27c8b8b144b2643a010f938bc121fd22e0b57ac206fefc763f8bfa0771919f5218b40691eea4514d0,001a150c13e1b5a2c6f5aa49e53ce9fc20e06d844ff162fcbd691624cd121fd22e0b57ac206fefc763f8bfa0771919f5218b40691eea4514d0,00631b6ceb11ddd4afc4ed3d098f978ff0bfbceda084f263dfebca0e9b121fd22e0b57ac206fefc763f8bfa0771919f5218b40691eea4514d0,00f282664fba7a04a7e2c3e782e6a23153ea5384b4c680d9dc1a98959b121fd22e0b57ac206fefc763f8bfa0771919f5218b40691eea4514d0,00e594ceb9f74bd9fb58473f225f443dbd7be9ad76ab1c45925fe1d8ee121fd22e0b57ac206fefc763f8bfa0771919f5218b40691eea4514d0,00f9369f45d0ae6a0ac710a02cf92277c091ef548e493e1fccb8b149e3121fd22e0b57ac206fefc763f8bfa0771919f5218b40691eea4514d0,007b1da5a2d2cdac17fba68066eb5cb135776f0badd0ec77790115f34d121fd22e0b57ac206fefc763f8bfa0771919f5218b40691eea4514d0,00dfcdec7a63f0e2422e938cdf3df012a9eefeccb0c835e56419fe345c121fd22e0b57ac206fefc763f8bfa0771919f5218b40691eea4514d0,009da13e2ed25bdc1df37e3eef351aaee057ac926cedd1bb1ce02122d4121fd22e0b57ac206fefc763f8bfa0771919f5218b40691eea4514d0,0033b94204fa0c33953e26834572de06f89496dd9b910c98d622e21612121fd22e0b57ac206fefc763f8bfa0771919f5218b40691eea4514d0,60c279a3fb3b4e62bbc78e288783b58045d4ae82a18867d8352d02775a,60e855cd3dbc30bad8ac8fffbed87d36325b407a8e934b1507725fcd80,60129ee829b3cea5762f0c1077db667390a9ee007825a0ed7b1150d35d,60d98f028bd372ed61079c6ed5083e3a977d69ab5d0b17b25bc87343dd,60c888866b693e1ae8cb237351ba4bdc7e16882a1dc4a53d4de0537e56,6082d061e45a1ff5b30de61d3d1137e6ebdd44d6056be88a44d547b5a3,609de2d448e439c970d94bf483f8bcc0eb47040d3f293e096a580d3aca,60da3f1060013b6e9be44cd2890a6f20f524d2071d22410a5264de115b,60d1c9c1d95ce5ee7e666cc83b2b56dd25d82f0c91b5c34175fd8448b6,6002659dc406e1d51c2695bc23962b30487d3ceb995beb13b698509c6f,60c46c44a29807de8fa23693b3da1c1976ebe8858f74199ca840b557ee,605d48e3d5655bf8a05eda49ea6683ccaf5351d505c38ae7ad43cbd4ab,6095f329c349c57bd4bcf021c8a96e68eca384627fee9ebea56ff8167d,6081378bb3d576f8dce84a9bb6d6761530ef8088f335d231bd98eaedc3,6070fc9c5a5d80650a87dce6dc4ea9a066f3185352e89f946165995593,608063fa1c1fb41cafd24f484e2a7d0014202ffef9407af05bf4279889,60134fd13220198b9e8d0523cec39465b2bf3400fdeca305bf88fe0bb2,60fccd5b37e433d56779cf1beb43440415eaca903ca92c61de2bbf0c72,603c0b43dcb3cee0988607c478f11c5c657cb31ebeafe495d8eca5b4ee,602e0f369f4fabf5f314fd2dbd34e7d6a03d0336b8d974f2208c75bc34,60d38956d5d8c3e996880298b8e1534679e285f93475cf6aa3256205c7,60486dede781535d8ff49d9a0dadeb5c0d38ef150f6fc80180921ebe85,602ea947a2d3c0c95ca5124f6b61b83a5f4e0b71223f863be838831168,60b7a6f578ed78826a3c32cadf5ede889ee350e43c4d11f8f9b94cb03e,60e1a7fdf8d8010e238948dec7150e84fd158acdeaa76c200d8a4b1f63,60af0a05d243de50100af100863c88b4f6524fa4ee86a84127cf15b82b,6022de41ad5b3628ecd8686bce555846bedde16ea7881bd63abf9198e2,6075fcbf24479728322e5f128c84c15c27aeea10196f56d1ff44d40b94,60be01633e07d001fff611b3d39ac3ca89127acecef79aabb812cea125,605b819971068bae01c3d411f2b5b8a12331df4d9fbeb899c0a59afb9e,6018edec9fc995f6ea029f87b6142efdd4a132cbe4f3c14cdad54e1362,60ce805857db7601ac7af226290a0f0bee4608736fea251b8813359805,608911a9404ee35265e5b39ca1e38a5d64a67384307bc47ea5b1c2f1f3,60b80d7dfef9f0e989a62aabdbc9aec4703bc38dcc0363bcb902aad20f,60a3aabe29cf0d4cf0acd9c0c4231e69ae145e426fd40d9bc089117416,601f64ff5164c16467e229f4305e5cd05cea85f407d68ba5c8f33f6d5d,60c1ce344ee9f695a9bfa4230254c0008aa62cf09f5f4444f6ece352d8,60412be6abc6a8d58aa914bed006e77c0e8e6870a5405a0a00db9119b0,60ebc9713be7aa719a00d2be641418b59747b8ba846e1687253d6667b5,60b5c852e07c831c968ae7e0388bd0ed591097238ca3a3742367facf0f,60e10a1ec68fe34887f87c4badc81f93c2d69999614683cf05c8e97069,6066de96d2a1c75f99185f4d5a39e49adccf18515cc512c5a7392b98cc,6032c425519672bec473a8971a79a2758356ad24ee99353c7020fd5cac,6036e19cee7f33f141d34fbb899c27a68900ac6593f082edfbe6fc3fe5,601280d6db873a83fa7908f1416acbbc189624b392be7935ba787f3cb9,60ce1657bbdc8cceabecad61bb8bff3f9865d7c46170c6555c9e406aa0,60de2d51517b76fcb141908bfa07a93f1bf93b92124838d2ed24022819,60e35880324d3302478a8c48cc9c71b81710b50f8fb444a5a56462e4b5,60eb4b163aa81b319275f796b7b19b50c945604f47f807a5a5b5acd19a,6016f85346dc9b1efccaa9a69e357b49d7a25c03936ea5d05ede3cfca0,604746a8792a9eb11769d7593eeb4d0bf1be04d68c00ef50d2752c4d02,60f0ccab792b8e74acca2e08533b805afc59a38671c3c68d337f16c185,6061831490182c6c68168cddf4c995dca27c8b8b144b2643a010f938bc,601a150c13e1b5a2c6f5aa49e53ce9fc20e06d844ff162fcbd691624cd,60631b6ceb11ddd4afc4ed3d098f978ff0bfbceda084f263dfebca0e9b,60f282664fba7a04a7e2c3e782e6a23153ea5384b4c680d9dc1a98959b,60e594ceb9f74bd9fb58473f225f443dbd7be9ad76ab1c45925fe1d8ee,60f9369f45d0ae6a0ac710a02cf92277c091ef548e493e1fccb8b149e3,607b1da5a2d2cdac17fba68066eb5cb135776f0badd0ec77790115f34d,60dfcdec7a63f0e2422e938cdf3df012a9eefeccb0c835e56419fe345c,609da13e2ed25bdc1df37e3eef351aaee057ac926cedd1bb1ce02122d4,6033b94204fa0c33953e26834572de06f89496dd9b910c98d622e21612<p>{"assetId":"8d18d786e92776c824607fd8e193ec535c79dc61ea2405ddf3b09fe3.6976","decimals":0}</p><p>{"assetId":"8d18d786e92776c824607fd8e193ec535c79dc61ea2405ddf3b09fe3.666171","decimals":0}</p><p>{"assetId":"8d18d786e92776c824607fd8e193ec535c79dc61ea2405ddf3b09fe3.666472","decimals":0}</p><p>{"assetId":"8d18d786e92776c824607fd8e193ec535c79dc61ea2405ddf3b09fe3.68756773","decimals":0}</p><p>{"assetId":"8d18d786e92776c824607fd8e193ec535c79dc61ea2405ddf3b09fe3.6d696e69","decimals":0}</p><p>{"assetId":"8d18d786e92776c824607fd8e193ec535c79dc61ea2405ddf3b09fe3.72656b74","decimals":0}</p><p>{"assetId":"8d18d786e92776c824607fd8e193ec535c79dc61ea2405ddf3b09fe3.77656233","decimals":0}</p><p>{"assetId":"8d18d786e92776c824607fd8e193ec535c79dc61ea2405ddf3b09fe3.6269703339","decimals":0}</p><p>{"assetId":"8d18d786e92776c824607fd8e193ec535c79dc61ea2405ddf3b09fe3.636f2d6f70","decimals":0}</p><p>{"assetId":"8d18d786e92776c824607fd8e193ec535c79dc61ea2405ddf3b09fe3.656964616e","decimals":0}</p><p>{"assetId":"8d18d786e92776c824607fd8e193ec535c79dc61ea2405ddf3b09fe3.6761746573","decimals":0}</p><p>{"assetId":"8d18d786e92776c824607fd8e193ec535c79dc61ea2405ddf3b09fe3.74616e7961","decimals":0}</p><p>{"assetId":"8d18d786e92776c824607fd8e193ec535c79dc61ea2405ddf3b09fe3.647275646765","decimals":0}</p><p>{"assetId":"8d18d786e92776c824607fd8e193ec535c79dc61ea2405ddf3b09fe3.66696e6c6579","decimals":0}</p><p>{"assetId":"8d18d786e92776c824607fd8e193ec535c79dc61ea2405ddf3b09fe3.6b6f65706b65","decimals":0}</p><p>{"assetId":"8d18d786e92776c824607fd8e193ec535c79dc61ea2405ddf3b09fe3.6d616b657273","decimals":0}</p><p>{"assetId":"8d18d786e92776c824607fd8e193ec535c79dc61ea2405ddf3b09fe3.6d6f6465726e","decimals":0}</p><p>{"assetId":"8d18d786e92776c824607fd8e193ec535c79dc61ea2405ddf3b09fe3.73796e746178","decimals":0}</p><p>{"assetId":"8d18d786e92776c824607fd8e193ec535c79dc61ea2405ddf3b09fe3.7a656b696168","decimals":0}</p><p>{"assetId":"8d18d786e92776c824607fd8e193ec535c79dc61ea2405ddf3b09fe3.636176656d616e","decimals":0}</p><p>{"assetId":"8d18d786e92776c824607fd8e193ec535c79dc61ea2405ddf3b09fe3.64697372757074","decimals":0}</p><p>{"assetId":"8d18d786e92776c824607fd8e193ec535c79dc61ea2405ddf3b09fe3.656e6372797074","decimals":0}</p><p>{"assetId":"8d18d786e92776c824607fd8e193ec535c79dc61ea2405ddf3b09fe3.68757362616e64","decimals":0}</p><p data-testid="calvin">{"hex":"6d696e696d616c","name":"calvin","image":"ipfs://zdj7We5kz4op3HNodbzfRt14AqUJdygK2gHosAnbaDx7fGck2","standard_image":"ipfs://zb2rhenCxDXo56r7AwHsHuSBmK9x63diFzwxtsL6PsQnM3uUs","holder":"stake1uyyyruv2y289xm7laay8a9sgrn95q627q3q4v3z4eagjdrs4j0yqu","holder_type":"wallet","length":6,"og_number":0,"rarity":"common","utxo":"3911b59931d3f5e938bef6d773d4b0d6a48fab96d63c658aa4b240a50dcba679#1","characters":"letters","numeric_modifiers":"","default_in_wallet":"cal","pfp_image":"","bg_image":"ipfs://bafybeicuvareow6exu2ti6xtsxkzpcpsc7dj54q7oaratjm4uaqgd77ham","bg_asset":"c705d66dd826fa750a3fcc0a74c27fdb20db2ed18ad569232d7123ad001bc2804772616469656e7420536861706573202d2043616765","resolved_addresses":{"ada":"addr1qyzpu6dy0tp926q72qdsxmu3ydqg9qyavs7tanfcpudv24sgg8cc5g5w2dhalm6g06tqs8xtgp54upzp2ez9tn63y68qn5st78"},"created_slot_number":103834977,"updated_slot_number":115852137,"has_datum":false,"svg_version":"2.4.0","image_hash":"0291cbb9f046a27bb067b4310c6eab6ae8e755a49a3b7e1ae87314b569ab6548","standard_image_hash":"78e558e2c32e3de4e95cefad00857a98665cd323bf11bdd4b9b48a707de61910","version":1,"assetId":"8d18d786e92776c824607fd8e193ec535c79dc61ea2405ddf3b09fe3.6d696e696d616c","decimals":0}</p><p>{"assetId":"8d18d786e92776c824607fd8e193ec535c79dc61ea2405ddf3b09fe3.70726f66696c65","decimals":0}</p><p>{"assetId":"8d18d786e92776c824607fd8e193ec535c79dc61ea2405ddf3b09fe3.70757273756974","decimals":0}</p><p>{"assetId":"8d18d786e92776c824607fd8e193ec535c79dc61ea2405ddf3b09fe3.736176696e6773","decimals":0}</p><p>{"assetId":"8d18d786e92776c824607fd8e193ec535c79dc61ea2405ddf3b09fe3.616c64657262696e","decimals":0}</p><p data-testid="pi">{"hex":"62726577636c7562","name":"pi","image":"ipfs://QmYKjoA9fsLaGnz92BJbC5kHFsSKsijAdmowQqbmzjfWBT","standard_image":"ipfs://QmYKjoA9fsLaGnz92BJbC5kHFsSKsijAdmowQqbmzjfWBT","holder":"stake1u8q07kgyuhffc8v9auvn4jlqcm4hehdu7wsd9fvna95nr3qynl7dk","holder_type":"wallet","length":2,"og_number":0,"rarity":"ultra_rare","utxo":"8ae62ab3631124197cdd4faac83428c404e529f07db510899c68a373a22fa77c#1","characters":"letters","numeric_modifiers":"","default_in_wallet":"pi","pfp_image":"","bg_image":"","resolved_addresses":{"ada":"addr1qyyrwcs73wk9cp9e7lxpn86d2n4wxgyduxqxmmj6psmjejkqlavsfewjnswctmce8t97p3ht0nwmeuaq62je86tfx8zq6lh9kr"},"created_slot_number":55725690,"updated_slot_number":104951843,"has_datum":false,"svg_version":"","image_hash":"","standard_image_hash":"","version":0,"assetId":"8d18d786e92776c824607fd8e193ec535c79dc61ea2405ddf3b09fe3.62726577636c7562","decimals":0}</p><p>{"assetId":"8d18d786e92776c824607fd8e193ec535c79dc61ea2405ddf3b09fe3.6f726967696e616c","decimals":0}</p><p>{"assetId":"8d18d786e92776c824607fd8e193ec535c79dc61ea2405ddf3b09fe3.706c61793277696e","decimals":0}</p><p>{"assetId":"8d18d786e92776c824607fd8e193ec535c79dc61ea2405ddf3b09fe3.7072656d69657265","decimals":0}</p><p>{"assetId":"8d18d786e92776c824607fd8e193ec535c79dc61ea2405ddf3b09fe3.646179747261646572","decimals":0}</p><p>{"assetId":"8d18d786e92776c824607fd8e193ec535c79dc61ea2405ddf3b09fe3.63687269737469616e6e","decimals":0}</p><p>{"assetId":"8d18d786e92776c824607fd8e193ec535c79dc61ea2405ddf3b09fe3.706f7274666f6c696f31","decimals":0}</p><p>{"assetId":"8d18d786e92776c824607fd8e193ec535c79dc61ea2405ddf3b09fe3.706f7274666f6c696f32","decimals":0}</p><p>{"assetId":"8d18d786e92776c824607fd8e193ec535c79dc61ea2405ddf3b09fe3.706f7274666f6c696f33","decimals":0}</p><p>{"assetId":"8d18d786e92776c824607fd8e193ec535c79dc61ea2405ddf3b09fe3.73756666696369656e74","decimals":0}</p><p>{"assetId":"8d18d786e92776c824607fd8e193ec535c79dc61ea2405ddf3b09fe3.73757270726973656d65","decimals":0}</p><p>{"assetId":"8d18d786e92776c824607fd8e193ec535c79dc61ea2405ddf3b09fe3.6f70706f7274756e697374","decimals":0}</p><p>{"assetId":"8d18d786e92776c824607fd8e193ec535c79dc61ea2405ddf3b09fe3.736f6c6f7072656e657572","decimals":0}</p><p>{"assetId":"8d18d786e92776c824607fd8e193ec535c79dc61ea2405ddf3b09fe3.737572766976616c697374","decimals":0}</p><p>{"assetId":"8d18d786e92776c824607fd8e193ec535c79dc61ea2405ddf3b09fe3.74686562726577636c7562","decimals":0}</p><p>{"assetId":"8d18d786e92776c824607fd8e193ec535c79dc61ea2405ddf3b09fe3.6472756467657265706f7274","decimals":0}</p><p>{"assetId":"8d18d786e92776c824607fd8e193ec535c79dc61ea2405ddf3b09fe3.68617070796e657779656172","decimals":0}</p><button data-testid="connect-with-handles"></button></pre>"`;

exports[`RenderWalletHandles should successfully update state with handle metadata 3`] = `"<pre>eternltruefalse00c279a3fb3b4e62bbc78e288783b58045d4ae82a18867d8352d02775a121fd22e0b57ac206fefc763f8bfa0771919f5218b40691eea4514d00true00c279a3fb3b4e62bbc78e288783b58045d4ae82a18867d8352d02775a121fd22e0b57ac206fefc763f8bfa0771919f5218b40691eea4514d000c279a3fb3b4e62bbc78e288783b58045d4ae82a18867d8352d02775a121fd22e0b57ac206fefc763f8bfa0771919f5218b40691eea4514d0,00e855cd3dbc30bad8ac8fffbed87d36325b407a8e934b1507725fcd80121fd22e0b57ac206fefc763f8bfa0771919f5218b40691eea4514d0,00129ee829b3cea5762f0c1077db667390a9ee007825a0ed7b1150d35d121fd22e0b57ac206fefc763f8bfa0771919f5218b40691eea4514d0,00d98f028bd372ed61079c6ed5083e3a977d69ab5d0b17b25bc87343dd121fd22e0b57ac206fefc763f8bfa0771919f5218b40691eea4514d0,00c888866b693e1ae8cb237351ba4bdc7e16882a1dc4a53d4de0537e56121fd22e0b57ac206fefc763f8bfa0771919f5218b40691eea4514d0,0082d061e45a1ff5b30de61d3d1137e6ebdd44d6056be88a44d547b5a3121fd22e0b57ac206fefc763f8bfa0771919f5218b40691eea4514d0,009de2d448e439c970d94bf483f8bcc0eb47040d3f293e096a580d3aca121fd22e0b57ac206fefc763f8bfa0771919f5218b40691eea4514d0,00da3f1060013b6e9be44cd2890a6f20f524d2071d22410a5264de115b121fd22e0b57ac206fefc763f8bfa0771919f5218b40691eea4514d0,00d1c9c1d95ce5ee7e666cc83b2b56dd25d82f0c91b5c34175fd8448b6121fd22e0b57ac206fefc763f8bfa0771919f5218b40691eea4514d0,0002659dc406e1d51c2695bc23962b30487d3ceb995beb13b698509c6f121fd22e0b57ac206fefc763f8bfa0771919f5218b40691eea4514d0,00c46c44a29807de8fa23693b3da1c1976ebe8858f74199ca840b557ee121fd22e0b57ac206fefc763f8bfa0771919f5218b40691eea4514d0,005d48e3d5655bf8a05eda49ea6683ccaf5351d505c38ae7ad43cbd4ab121fd22e0b57ac206fefc763f8bfa0771919f5218b40691eea4514d0,0095f329c349c57bd4bcf021c8a96e68eca384627fee9ebea56ff8167d121fd22e0b57ac206fefc763f8bfa0771919f5218b40691eea4514d0,0081378bb3d576f8dce84a9bb6d6761530ef8088f335d231bd98eaedc3121fd22e0b57ac206fefc763f8bfa0771919f5218b40691eea4514d0,0070fc9c5a5d80650a87dce6dc4ea9a066f3185352e89f946165995593121fd22e0b57ac206fefc763f8bfa0771919f5218b40691eea4514d0,008063fa1c1fb41cafd24f484e2a7d0014202ffef9407af05bf4279889121fd22e0b57ac206fefc763f8bfa0771919f5218b40691eea4514d0,00134fd13220198b9e8d0523cec39465b2bf3400fdeca305bf88fe0bb2121fd22e0b57ac206fefc763f8bfa0771919f5218b40691eea4514d0,00fccd5b37e433d56779cf1beb43440415eaca903ca92c61de2bbf0c72121fd22e0b57ac206fefc763f8bfa0771919f5218b40691eea4514d0,003c0b43dcb3cee0988607c478f11c5c657cb31ebeafe495d8eca5b4ee121fd22e0b57ac206fefc763f8bfa0771919f5218b40691eea4514d0,002e0f369f4fabf5f314fd2dbd34e7d6a03d0336b8d974f2208c75bc34121fd22e0b57ac206fefc763f8bfa0771919f5218b40691eea4514d0,00d38956d5d8c3e996880298b8e1534679e285f93475cf6aa3256205c7121fd22e0b57ac206fefc763f8bfa0771919f5218b40691eea4514d0,00486dede781535d8ff49d9a0dadeb5c0d38ef150f6fc80180921ebe85121fd22e0b57ac206fefc763f8bfa0771919f5218b40691eea4514d0,002ea947a2d3c0c95ca5124f6b61b83a5f4e0b71223f863be838831168121fd22e0b57ac206fefc763f8bfa0771919f5218b40691eea4514d0,00b7a6f578ed78826a3c32cadf5ede889ee350e43c4d11f8f9b94cb03e121fd22e0b57ac206fefc763f8bfa0771919f5218b40691eea4514d0,00e1a7fdf8d8010e238948dec7150e84fd158acdeaa76c200d8a4b1f63121fd22e0b57ac206fefc763f8bfa0771919f5218b40691eea4514d0,00af0a05d243de50100af100863c88b4f6524fa4ee86a84127cf15b82b121fd22e0b57ac206fefc763f8bfa0771919f5218b40691eea4514d0,0022de41ad5b3628ecd8686bce555846bedde16ea7881bd63abf9198e2121fd22e0b57ac206fefc763f8bfa0771919f5218b40691eea4514d0,0075fcbf24479728322e5f128c84c15c27aeea10196f56d1ff44d40b94121fd22e0b57ac206fefc763f8bfa0771919f5218b40691eea4514d0,00be01633e07d001fff611b3d39ac3ca89127acecef79aabb812cea125121fd22e0b57ac206fefc763f8bfa0771919f5218b40691eea4514d0,005b819971068bae01c3d411f2b5b8a12331df4d9fbeb899c0a59afb9e121fd22e0b57ac206fefc763f8bfa0771919f5218b40691eea4514d0,0018edec9fc995f6ea029f87b6142efdd4a132cbe4f3c14cdad54e1362121fd22e0b57ac206fefc763f8bfa0771919f5218b40691eea4514d0,00ce805857db7601ac7af226290a0f0bee4608736fea251b8813359805121fd22e0b57ac206fefc763f8bfa0771919f5218b40691eea4514d0,008911a9404ee35265e5b39ca1e38a5d64a67384307bc47ea5b1c2f1f3121fd22e0b57ac206fefc763f8bfa0771919f5218b40691eea4514d0,00b80d7dfef9f0e989a62aabdbc9aec4703bc38dcc0363bcb902aad20f121fd22e0b57ac206fefc763f8bfa0771919f5218b40691eea4514d0,00a3aabe29cf0d4cf0acd9c0c4231e69ae145e426fd40d9bc089117416121fd22e0b57ac206fefc763f8bfa0771919f5218b40691eea4514d0,001f64ff5164c16467e229f4305e5cd05cea85f407d68ba5c8f33f6d5d121fd22e0b57ac206fefc763f8bfa0771919f5218b40691eea4514d0,00c1ce344ee9f695a9bfa4230254c0008aa62cf09f5f4444f6ece352d8121fd22e0b57ac206fefc763f8bfa0771919f5218b40691eea4514d0,00412be6abc6a8d58aa914bed006e77c0e8e6870a5405a0a00db9119b0121fd22e0b57ac206fefc763f8bfa0771919f5218b40691eea4514d0,00ebc9713be7aa719a00d2be641418b59747b8ba846e1687253d6667b5121fd22e0b57ac206fefc763f8bfa0771919f5218b40691eea4514d0,00b5c852e07c831c968ae7e0388bd0ed591097238ca3a3742367facf0f121fd22e0b57ac206fefc763f8bfa0771919f5218b40691eea4514d0,00e10a1ec68fe34887f87c4badc81f93c2d69999614683cf05c8e97069121fd22e0b57ac206fefc763f8bfa0771919f5218b40691eea4514d0,0066de96d2a1c75f99185f4d5a39e49adccf18515cc512c5a7392b98cc121fd22e0b57ac206fefc763f8bfa0771919f5218b40691eea4514d0,0032c425519672bec473a8971a79a2758356ad24ee99353c7020fd5cac121fd22e0b57ac206fefc763f8bfa0771919f5218b40691eea4514d0,0036e19cee7f33f141d34fbb899c27a68900ac6593f082edfbe6fc3fe5121fd22e0b57ac206fefc763f8bfa0771919f5218b40691eea4514d0,001280d6db873a83fa7908f1416acbbc189624b392be7935ba787f3cb9121fd22e0b57ac206fefc763f8bfa0771919f5218b40691eea4514d0,00ce1657bbdc8cceabecad61bb8bff3f9865d7c46170c6555c9e406aa0121fd22e0b57ac206fefc763f8bfa0771919f5218b40691eea4514d0,00de2d51517b76fcb141908bfa07a93f1bf93b92124838d2ed24022819121fd22e0b57ac206fefc763f8bfa0771919f5218b40691eea4514d0,00e35880324d3302478a8c48cc9c71b81710b50f8fb444a5a56462e4b5121fd22e0b57ac206fefc763f8bfa0771919f5218b40691eea4514d0,00eb4b163aa81b319275f796b7b19b50c945604f47f807a5a5b5acd19a121fd22e0b57ac206fefc763f8bfa0771919f5218b40691eea4514d0,0016f85346dc9b1efccaa9a69e357b49d7a25c03936ea5d05ede3cfca0121fd22e0b57ac206fefc763f8bfa0771919f5218b40691eea4514d0,004746a8792a9eb11769d7593eeb4d0bf1be04d68c00ef50d2752c4d02121fd22e0b57ac206fefc763f8bfa0771919f5218b40691eea4514d0,00f0ccab792b8e74acca2e08533b805afc59a38671c3c68d337f16c185121fd22e0b57ac206fefc763f8bfa0771919f5218b40691eea4514d0,0061831490182c6c68168cddf4c995dca27c8b8b144b2643a010f938bc121fd22e0b57ac206fefc763f8bfa0771919f5218b40691eea4514d0,001a150c13e1b5a2c6f5aa49e53ce9fc20e06d844ff162fcbd691624cd121fd22e0b57ac206fefc763f8bfa0771919f5218b40691eea4514d0,00631b6ceb11ddd4afc4ed3d098f978ff0bfbceda084f263dfebca0e9b121fd22e0b57ac206fefc763f8bfa0771919f5218b40691eea4514d0,00f282664fba7a04a7e2c3e782e6a23153ea5384b4c680d9dc1a98959b121fd22e0b57ac206fefc763f8bfa0771919f5218b40691eea4514d0,00e594ceb9f74bd9fb58473f225f443dbd7be9ad76ab1c45925fe1d8ee121fd22e0b57ac206fefc763f8bfa0771919f5218b40691eea4514d0,00f9369f45d0ae6a0ac710a02cf92277c091ef548e493e1fccb8b149e3121fd22e0b57ac206fefc763f8bfa0771919f5218b40691eea4514d0,007b1da5a2d2cdac17fba68066eb5cb135776f0badd0ec77790115f34d121fd22e0b57ac206fefc763f8bfa0771919f5218b40691eea4514d0,00dfcdec7a63f0e2422e938cdf3df012a9eefeccb0c835e56419fe345c121fd22e0b57ac206fefc763f8bfa0771919f5218b40691eea4514d0,009da13e2ed25bdc1df37e3eef351aaee057ac926cedd1bb1ce02122d4121fd22e0b57ac206fefc763f8bfa0771919f5218b40691eea4514d0,0033b94204fa0c33953e26834572de06f89496dd9b910c98d622e21612121fd22e0b57ac206fefc763f8bfa0771919f5218b40691eea4514d0,60c279a3fb3b4e62bbc78e288783b58045d4ae82a18867d8352d02775a,60e855cd3dbc30bad8ac8fffbed87d36325b407a8e934b1507725fcd80,60129ee829b3cea5762f0c1077db667390a9ee007825a0ed7b1150d35d,60d98f028bd372ed61079c6ed5083e3a977d69ab5d0b17b25bc87343dd,60c888866b693e1ae8cb237351ba4bdc7e16882a1dc4a53d4de0537e56,6082d061e45a1ff5b30de61d3d1137e6ebdd44d6056be88a44d547b5a3,609de2d448e439c970d94bf483f8bcc0eb47040d3f293e096a580d3aca,60da3f1060013b6e9be44cd2890a6f20f524d2071d22410a5264de115b,60d1c9c1d95ce5ee7e666cc83b2b56dd25d82f0c91b5c34175fd8448b6,6002659dc406e1d51c2695bc23962b30487d3ceb995beb13b698509c6f,60c46c44a29807de8fa23693b3da1c1976ebe8858f74199ca840b557ee,605d48e3d5655bf8a05eda49ea6683ccaf5351d505c38ae7ad43cbd4ab,6095f329c349c57bd4bcf021c8a96e68eca384627fee9ebea56ff8167d,6081378bb3d576f8dce84a9bb6d6761530ef8088f335d231bd98eaedc3,6070fc9c5a5d80650a87dce6dc4ea9a066f3185352e89f946165995593,608063fa1c1fb41cafd24f484e2a7d0014202ffef9407af05bf4279889,60134fd13220198b9e8d0523cec39465b2bf3400fdeca305bf88fe0bb2,60fccd5b37e433d56779cf1beb43440415eaca903ca92c61de2bbf0c72,603c0b43dcb3cee0988607c478f11c5c657cb31ebeafe495d8eca5b4ee,602e0f369f4fabf5f314fd2dbd34e7d6a03d0336b8d974f2208c75bc34,60d38956d5d8c3e996880298b8e1534679e285f93475cf6aa3256205c7,60486dede781535d8ff49d9a0dadeb5c0d38ef150f6fc80180921ebe85,602ea947a2d3c0c95ca5124f6b61b83a5f4e0b71223f863be838831168,60b7a6f578ed78826a3c32cadf5ede889ee350e43c4d11f8f9b94cb03e,60e1a7fdf8d8010e238948dec7150e84fd158acdeaa76c200d8a4b1f63,60af0a05d243de50100af100863c88b4f6524fa4ee86a84127cf15b82b,6022de41ad5b3628ecd8686bce555846bedde16ea7881bd63abf9198e2,6075fcbf24479728322e5f128c84c15c27aeea10196f56d1ff44d40b94,60be01633e07d001fff611b3d39ac3ca89127acecef79aabb812cea125,605b819971068bae01c3d411f2b5b8a12331df4d9fbeb899c0a59afb9e,6018edec9fc995f6ea029f87b6142efdd4a132cbe4f3c14cdad54e1362,60ce805857db7601ac7af226290a0f0bee4608736fea251b8813359805,608911a9404ee35265e5b39ca1e38a5d64a67384307bc47ea5b1c2f1f3,60b80d7dfef9f0e989a62aabdbc9aec4703bc38dcc0363bcb902aad20f,60a3aabe29cf0d4cf0acd9c0c4231e69ae145e426fd40d9bc089117416,601f64ff5164c16467e229f4305e5cd05cea85f407d68ba5c8f33f6d5d,60c1ce344ee9f695a9bfa4230254c0008aa62cf09f5f4444f6ece352d8,60412be6abc6a8d58aa914bed006e77c0e8e6870a5405a0a00db9119b0,60ebc9713be7aa719a00d2be641418b59747b8ba846e1687253d6667b5,60b5c852e07c831c968ae7e0388bd0ed591097238ca3a3742367facf0f,60e10a1ec68fe34887f87c4badc81f93c2d69999614683cf05c8e97069,6066de96d2a1c75f99185f4d5a39e49adccf18515cc512c5a7392b98cc,6032c425519672bec473a8971a79a2758356ad24ee99353c7020fd5cac,6036e19cee7f33f141d34fbb899c27a68900ac6593f082edfbe6fc3fe5,601280d6db873a83fa7908f1416acbbc189624b392be7935ba787f3cb9,60ce1657bbdc8cceabecad61bb8bff3f9865d7c46170c6555c9e406aa0,60de2d51517b76fcb141908bfa07a93f1bf93b92124838d2ed24022819,60e35880324d3302478a8c48cc9c71b81710b50f8fb444a5a56462e4b5,60eb4b163aa81b319275f796b7b19b50c945604f47f807a5a5b5acd19a,6016f85346dc9b1efccaa9a69e357b49d7a25c03936ea5d05ede3cfca0,604746a8792a9eb11769d7593eeb4d0bf1be04d68c00ef50d2752c4d02,60f0ccab792b8e74acca2e08533b805afc59a38671c3c68d337f16c185,6061831490182c6c68168cddf4c995dca27c8b8b144b2643a010f938bc,601a150c13e1b5a2c6f5aa49e53ce9fc20e06d844ff162fcbd691624cd,60631b6ceb11ddd4afc4ed3d098f978ff0bfbceda084f263dfebca0e9b,60f282664fba7a04a7e2c3e782e6a23153ea5384b4c680d9dc1a98959b,60e594ceb9f74bd9fb58473f225f443dbd7be9ad76ab1c45925fe1d8ee,60f9369f45d0ae6a0ac710a02cf92277c091ef548e493e1fccb8b149e3,607b1da5a2d2cdac17fba68066eb5cb135776f0badd0ec77790115f34d,60dfcdec7a63f0e2422e938cdf3df012a9eefeccb0c835e56419fe345c,609da13e2ed25bdc1df37e3eef351aaee057ac926cedd1bb1ce02122d4,6033b94204fa0c33953e26834572de06f89496dd9b910c98d622e21612<p>{"assetId":"8d18d786e92776c824607fd8e193ec535c79dc61ea2405ddf3b09fe3.6976","decimals":0}</p><p>{"assetId":"8d18d786e92776c824607fd8e193ec535c79dc61ea2405ddf3b09fe3.666171","decimals":0}</p><p>{"assetId":"8d18d786e92776c824607fd8e193ec535c79dc61ea2405ddf3b09fe3.666472","decimals":0}</p><p>{"assetId":"8d18d786e92776c824607fd8e193ec535c79dc61ea2405ddf3b09fe3.68756773","decimals":0}</p><p>{"assetId":"8d18d786e92776c824607fd8e193ec535c79dc61ea2405ddf3b09fe3.6d696e69","decimals":0}</p><p>{"assetId":"8d18d786e92776c824607fd8e193ec535c79dc61ea2405ddf3b09fe3.72656b74","decimals":0}</p><p>{"assetId":"8d18d786e92776c824607fd8e193ec535c79dc61ea2405ddf3b09fe3.77656233","decimals":0}</p><p>{"assetId":"8d18d786e92776c824607fd8e193ec535c79dc61ea2405ddf3b09fe3.6269703339","decimals":0}</p><p>{"assetId":"8d18d786e92776c824607fd8e193ec535c79dc61ea2405ddf3b09fe3.636f2d6f70","decimals":0}</p><p>{"assetId":"8d18d786e92776c824607fd8e193ec535c79dc61ea2405ddf3b09fe3.656964616e","decimals":0}</p><p>{"assetId":"8d18d786e92776c824607fd8e193ec535c79dc61ea2405ddf3b09fe3.6761746573","decimals":0}</p><p>{"assetId":"8d18d786e92776c824607fd8e193ec535c79dc61ea2405ddf3b09fe3.74616e7961","decimals":0}</p><p>{"assetId":"8d18d786e92776c824607fd8e193ec535c79dc61ea2405ddf3b09fe3.647275646765","decimals":0}</p><p>{"assetId":"8d18d786e92776c824607fd8e193ec535c79dc61ea2405ddf3b09fe3.66696e6c6579","decimals":0}</p><p>{"assetId":"8d18d786e92776c824607fd8e193ec535c79dc61ea2405ddf3b09fe3.6b6f65706b65","decimals":0}</p><p>{"assetId":"8d18d786e92776c824607fd8e193ec535c79dc61ea2405ddf3b09fe3.6d616b657273","decimals":0}</p><p>{"assetId":"8d18d786e92776c824607fd8e193ec535c79dc61ea2405ddf3b09fe3.6d6f6465726e","decimals":0}</p><p>{"assetId":"8d18d786e92776c824607fd8e193ec535c79dc61ea2405ddf3b09fe3.73796e746178","decimals":0}</p><p>{"assetId":"8d18d786e92776c824607fd8e193ec535c79dc61ea2405ddf3b09fe3.7a656b696168","decimals":0}</p><p>{"assetId":"8d18d786e92776c824607fd8e193ec535c79dc61ea2405ddf3b09fe3.636176656d616e","decimals":0}</p><p>{"assetId":"8d18d786e92776c824607fd8e193ec535c79dc61ea2405ddf3b09fe3.64697372757074","decimals":0}</p><p>{"assetId":"8d18d786e92776c824607fd8e193ec535c79dc61ea2405ddf3b09fe3.656e6372797074","decimals":0}</p><p>{"assetId":"8d18d786e92776c824607fd8e193ec535c79dc61ea2405ddf3b09fe3.68757362616e64","decimals":0}</p><p data-testid="calvin">{"hex":"6d696e696d616c","name":"calvin","image":"ipfs://zdj7We5kz4op3HNodbzfRt14AqUJdygK2gHosAnbaDx7fGck2","standard_image":"ipfs://zb2rhenCxDXo56r7AwHsHuSBmK9x63diFzwxtsL6PsQnM3uUs","holder":"stake1uyyyruv2y289xm7laay8a9sgrn95q627q3q4v3z4eagjdrs4j0yqu","holder_type":"wallet","length":6,"og_number":0,"rarity":"common","utxo":"3911b59931d3f5e938bef6d773d4b0d6a48fab96d63c658aa4b240a50dcba679#1","characters":"letters","numeric_modifiers":"","default_in_wallet":"cal","pfp_image":"","bg_image":"ipfs://bafybeicuvareow6exu2ti6xtsxkzpcpsc7dj54q7oaratjm4uaqgd77ham","bg_asset":"c705d66dd826fa750a3fcc0a74c27fdb20db2ed18ad569232d7123ad001bc2804772616469656e7420536861706573202d2043616765","resolved_addresses":{"ada":"addr1qyzpu6dy0tp926q72qdsxmu3ydqg9qyavs7tanfcpudv24sgg8cc5g5w2dhalm6g06tqs8xtgp54upzp2ez9tn63y68qn5st78"},"created_slot_number":103834977,"updated_slot_number":115852137,"has_datum":false,"svg_version":"2.4.0","image_hash":"0291cbb9f046a27bb067b4310c6eab6ae8e755a49a3b7e1ae87314b569ab6548","standard_image_hash":"78e558e2c32e3de4e95cefad00857a98665cd323bf11bdd4b9b48a707de61910","version":1,"assetId":"8d18d786e92776c824607fd8e193ec535c79dc61ea2405ddf3b09fe3.6d696e696d616c","decimals":0}</p><p>{"assetId":"8d18d786e92776c824607fd8e193ec535c79dc61ea2405ddf3b09fe3.70726f66696c65","decimals":0}</p><p>{"assetId":"8d18d786e92776c824607fd8e193ec535c79dc61ea2405ddf3b09fe3.70757273756974","decimals":0}</p><p>{"assetId":"8d18d786e92776c824607fd8e193ec535c79dc61ea2405ddf3b09fe3.736176696e6773","decimals":0}</p><p>{"assetId":"8d18d786e92776c824607fd8e193ec535c79dc61ea2405ddf3b09fe3.616c64657262696e","decimals":0}</p><p data-testid="pi">{"hex":"62726577636c7562","name":"pi","image":"ipfs://QmYKjoA9fsLaGnz92BJbC5kHFsSKsijAdmowQqbmzjfWBT","standard_image":"ipfs://QmYKjoA9fsLaGnz92BJbC5kHFsSKsijAdmowQqbmzjfWBT","holder":"stake1u8q07kgyuhffc8v9auvn4jlqcm4hehdu7wsd9fvna95nr3qynl7dk","holder_type":"wallet","length":2,"og_number":0,"rarity":"ultra_rare","utxo":"8ae62ab3631124197cdd4faac83428c404e529f07db510899c68a373a22fa77c#1","characters":"letters","numeric_modifiers":"","default_in_wallet":"pi","pfp_image":"","bg_image":"","resolved_addresses":{"ada":"addr1qyyrwcs73wk9cp9e7lxpn86d2n4wxgyduxqxmmj6psmjejkqlavsfewjnswctmce8t97p3ht0nwmeuaq62je86tfx8zq6lh9kr"},"created_slot_number":55725690,"updated_slot_number":104951843,"has_datum":false,"svg_version":"","image_hash":"","standard_image_hash":"","version":0,"assetId":"8d18d786e92776c824607fd8e193ec535c79dc61ea2405ddf3b09fe3.62726577636c7562","decimals":0}</p><p>{"assetId":"8d18d786e92776c824607fd8e193ec535c79dc61ea2405ddf3b09fe3.6f726967696e616c","decimals":0}</p><p>{"assetId":"8d18d786e92776c824607fd8e193ec535c79dc61ea2405ddf3b09fe3.706c61793277696e","decimals":0}</p><p>{"assetId":"8d18d786e92776c824607fd8e193ec535c79dc61ea2405ddf3b09fe3.7072656d69657265","decimals":0}</p><p>{"assetId":"8d18d786e92776c824607fd8e193ec535c79dc61ea2405ddf3b09fe3.646179747261646572","decimals":0}</p><p>{"assetId":"8d18d786e92776c824607fd8e193ec535c79dc61ea2405ddf3b09fe3.63687269737469616e6e","decimals":0}</p><p>{"assetId":"8d18d786e92776c824607fd8e193ec535c79dc61ea2405ddf3b09fe3.706f7274666f6c696f31","decimals":0}</p><p>{"assetId":"8d18d786e92776c824607fd8e193ec535c79dc61ea2405ddf3b09fe3.706f7274666f6c696f32","decimals":0}</p><p>{"assetId":"8d18d786e92776c824607fd8e193ec535c79dc61ea2405ddf3b09fe3.706f7274666f6c696f33","decimals":0}</p><p>{"assetId":"8d18d786e92776c824607fd8e193ec535c79dc61ea2405ddf3b09fe3.73756666696369656e74","decimals":0}</p><p>{"assetId":"8d18d786e92776c824607fd8e193ec535c79dc61ea2405ddf3b09fe3.73757270726973656d65","decimals":0}</p><p>{"assetId":"8d18d786e92776c824607fd8e193ec535c79dc61ea2405ddf3b09fe3.6f70706f7274756e697374","decimals":0}</p><p>{"assetId":"8d18d786e92776c824607fd8e193ec535c79dc61ea2405ddf3b09fe3.736f6c6f7072656e657572","decimals":0}</p><p>{"assetId":"8d18d786e92776c824607fd8e193ec535c79dc61ea2405ddf3b09fe3.737572766976616c697374","decimals":0}</p><p>{"assetId":"8d18d786e92776c824607fd8e193ec535c79dc61ea2405ddf3b09fe3.74686562726577636c7562","decimals":0}</p><p>{"assetId":"8d18d786e92776c824607fd8e193ec535c79dc61ea2405ddf3b09fe3.6472756467657265706f7274","decimals":0}</p><p>{"assetId":"8d18d786e92776c824607fd8e193ec535c79dc61ea2405ddf3b09fe3.68617070796e657779656172","decimals":0}</p><button data-testid="connect-with-handles"></button></pre>"`;
